============================= test session starts =============================
platform win32 -- Python 3.13.9, pytest-8.4.2, pluggy-1.5.0
rootdir: D:\Lipid Database
plugins: anyio-4.10.0
collected 0 items / 1 error

=================================== ERRORS ====================================
________________ ERROR collecting tests/test_process_sugar.py _________________
ImportError while importing test module 'D:\Lipid Database\tests\test_process_sugar.py'.
Hint: make sure your test modules/packages have valid Python names.
Traceback:
C:\Users\Daniel Yang\anaconda3\Lib\importlib\__init__.py:88: in import_module
    return _bootstrap._gcd_import(name[level:], package, level)
           ^^^^^^^^^^^^^^^^^^^^^^^^^^^^^^^^^^^^^^^^^^^^^^^^^^^^
tests\test_process_sugar.py:11: in <module>
    import process_sugar
scripts\process_sugar.py:5: in <module>
    from rdkit.Chem import RdProducts
E   ImportError: cannot import name 'RdProducts' from 'rdkit.Chem' (C:\Users\Daniel Yang\anaconda3\Lib\site-packages\rdkit\Chem\__init__.py)
=========================== short test summary info ===========================
ERROR tests/test_process_sugar.py
!!!!!!!!!!!!!!!!!!! Interrupted: 1 error during collection !!!!!!!!!!!!!!!!!!!!
============================== 1 error in 1.41s ===============================
